Ignored  Åland Islands: not UN debugger eval code:15:17
Ignored  American Samoa: not UN debugger eval code:15:17
Ignored  Anguilla: not UN debugger eval code:15:17
Ignored  Antarctica [b]: not UN debugger eval code:15:17
Ignored  Aruba: not UN debugger eval code:15:17
Ignored  Bermuda: not UN debugger eval code:15:17
Ignored  Bonaire
 Sint Eustatius
 Saba: not UN debugger eval code:15:17
Ignored  Bouvet Island: not UN debugger eval code:15:17
Ignored  British Indian Ocean Territory (the): not UN debugger eval code:15:17
Ignored  British Virgin Islands – See Virgin Islands (British).: no sovEl debugger eval code:22:15
Ignored  Burma – See Myanmar.: no sovEl debugger eval code:22:15
Ignored  Cape Verde – See Cabo Verde.: no sovEl debugger eval code:22:15
Ignored  Caribbean Netherlands – See Bonaire, Sint Eustatius and Saba.: no sovEl debugger eval code:22:15
Ignored  Cayman Islands (the): not UN debugger eval code:15:17
Ignored  China, The Republic of – See Taiwan (Province of China).: no sovEl debugger eval code:22:15
Ignored  Christmas Island: not UN debugger eval code:15:17
Ignored  Cocos (Keeling) Islands (the): not UN debugger eval code:15:17
Ignored  Cook Islands (the): not UN debugger eval code:15:17
Ignored  Curaçao: not UN debugger eval code:15:17
Ignored  Democratic People's Republic of Korea – See Korea, The Democratic People's Republic of.: no sovEl debugger eval code:22:15
Ignored  Democratic Republic of the Congo – See Congo, The Democratic Republic of the.: no sovEl debugger eval code:22:15
Ignored  East Timor – See Timor-Leste.: no sovEl debugger eval code:22:15
Ignored  Falkland Islands (the) [Malvinas] [l]: not UN debugger eval code:15:17
Ignored  Faroe Islands (the): not UN debugger eval code:15:17
Ignored  French Guiana: not UN debugger eval code:15:17
Ignored  French Polynesia: not UN debugger eval code:15:17
Ignored  French Southern Territories (the) [n]: not UN debugger eval code:15:17
Ignored  Gibraltar: not UN debugger eval code:15:17
Ignored  Great Britain – See United Kingdom, The.: no sovEl debugger eval code:22:15
Ignored  Greenland: not UN debugger eval code:15:17
Ignored  Guadeloupe: not UN debugger eval code:15:17
Ignored  Guam: not UN debugger eval code:15:17
Ignored  Guernsey: not UN debugger eval code:15:17
Ignored  Heard Island and McDonald Islands: not UN debugger eval code:15:17
Ignored  Hong Kong: not UN debugger eval code:15:17
Ignored  Isle of Man: not UN debugger eval code:15:17
Ignored  Ivory Coast – See Côte d'Ivoire.: no sovEl debugger eval code:22:15
Ignored  Jan Mayen – See Svalbard and Jan Mayen.: no sovEl debugger eval code:22:15
Ignored  Jersey: not UN debugger eval code:15:17
Ignored  Macao [s]: not UN debugger eval code:15:17
Ignored  Martinique: not UN debugger eval code:15:17
Ignored  Mayotte: not UN debugger eval code:15:17
Ignored  Montserrat: not UN debugger eval code:15:17
Ignored  New Caledonia: not UN debugger eval code:15:17
Ignored  Niue: not UN debugger eval code:15:17
Ignored  Norfolk Island: not UN debugger eval code:15:17
Ignored  North Korea – See Korea, The Democratic People's Republic of.: no sovEl debugger eval code:22:15
Ignored  Northern Mariana Islands (the): not UN debugger eval code:15:17
Ignored  People's Republic of China – See China.: no sovEl debugger eval code:22:15
Ignored  Pitcairn [v]: not UN debugger eval code:15:17
Ignored  Puerto Rico: not UN debugger eval code:15:17
Ignored  Republic of China – See Taiwan (Province of China).: no sovEl debugger eval code:22:15
Ignored  Republic of Korea – See Korea, The Republic of.: no sovEl debugger eval code:22:15
Ignored  Republic of the Congo – See Congo, The.: no sovEl debugger eval code:22:15
Ignored  Réunion: not UN debugger eval code:15:17
Ignored  Saba – See Bonaire, Sint Eustatius and Saba.: no sovEl debugger eval code:22:15
